www.fit.vutbr.cz:A=147.229.9.23
www.google.com:A=172.217.23.196
www.seznam.cz:A=77.75.75.172
147.229.14.131:PTR=dhcpz131.fit.vutbr.cz
ihned.cz:A=46.255.231.42
